
================================================================================
  1. SERVER DISCOVERY
================================================================================
Server Name: SQLite Lab MCP Server
Transport: STDIO
python : Traceback (most recent call last):
At line:1 char:1
+ python test_all_features.py > test_output.txt 2>&1; cat test_output.t ...
+ ~~~~~~~~~~~~~~~~~~~~~~~~~~~~~~~~~~~~~~~~~~~~~~~~~~
    + CategoryInfo          : NotSpecified: (Traceback (most recent call last)::String) [ 
   ], RemoteException
    + FullyQualifiedErrorId : NativeCommandError
 
  File "D:\VinAI_Lab\Day26-Track3-MCP-tool-integration\test_all_features.py", line 244, 
in <module>
    test_tools()
  File "D:\VinAI_Lab\Day26-Track3-MCP-tool-integration\test_all_features.py", line 43, in 
test_tools
    print("Status: \u2713 Connected")
  File "C:\Users\dinhc\AppData\Local\Programs\Python\Python311\Lib\encodings\cp1252.py", 
line 19, in encode
    return codecs.charmap_encode(input,self.errors,encoding_table)[0]
           ^^^^^^^^^^^^^^^^^^^^^^^^^^^^^^^^^^^^^^^^^^^^^^^^^^^^^^^
UnicodeEncodeError: 'charmap' codec can't encode character '\u2713' in position 8: 
character maps to <undefined>
